// Jest Snapshot v1, https://goo.gl/fbAQLP

exports[`VueHCaptcha component has rendered 1`] = `
<div>
  <div
    id="hcap-script"
  />
</div>
`;
